[0.006s] Invoking command in '/home/berenakpinar/ws_moveit2/src/urdf_description/build/urdf_description': CMAKE_PREFIX_PATH=${CMAKE_PREFIX_PATH}:/opt/ros/humble /usr/bin/cmake /home/berenakpinar/ws_moveit2/src/urdf_description -DCMAKE_INSTALL_PREFIX=/home/berenakpinar/ws_moveit2/src/urdf_description/install/urdf_description
[0.109s] -- The C compiler identification is GNU 11.4.0
[0.209s] -- The CXX compiler identification is GNU 11.4.0
[0.224s] -- Detecting C compiler ABI info
[0.269s] -- Detecting C compiler ABI info - done
[0.275s] -- Check for working C compiler: /usr/bin/cc - skipped
[0.276s] -- Detecting C compile features
[0.276s] -- Detecting C compile features - done
[0.279s] -- Detecting CXX compiler ABI info
[0.329s] -- Detecting CXX compiler ABI info - done
[0.335s] -- Check for working CXX compiler: /usr/bin/c++ - skipped
[0.335s] -- Detecting CXX compile features
[0.335s] -- Detecting CXX compile features - done
[0.341s] -- Found ament_cmake: 1.3.12 (/opt/ros/humble/share/ament_cmake/cmake)
[0.458s] -- Found Python3: /usr/bin/python3 (found version "3.10.12") found components: Interpreter 
[0.580s] -- Configuring done
[0.581s] -- Generating done
[0.582s] -- Build files have been written to: /home/berenakpinar/ws_moveit2/src/urdf_description/build/urdf_description
[0.585s] Invoked command in '/home/berenakpinar/ws_moveit2/src/urdf_description/build/urdf_description' returned '0': CMAKE_PREFIX_PATH=${CMAKE_PREFIX_PATH}:/opt/ros/humble /usr/bin/cmake /home/berenakpinar/ws_moveit2/src/urdf_description -DCMAKE_INSTALL_PREFIX=/home/berenakpinar/ws_moveit2/src/urdf_description/install/urdf_description
[0.587s] Invoking command in '/home/berenakpinar/ws_moveit2/src/urdf_description/build/urdf_description': CMAKE_PREFIX_PATH=${CMAKE_PREFIX_PATH}:/opt/ros/humble /usr/bin/cmake --build /home/berenakpinar/ws_moveit2/src/urdf_description/build/urdf_description -- -j8 -l8
[0.604s] Invoked command in '/home/berenakpinar/ws_moveit2/src/urdf_description/build/urdf_description' returned '0': CMAKE_PREFIX_PATH=${CMAKE_PREFIX_PATH}:/opt/ros/humble /usr/bin/cmake --build /home/berenakpinar/ws_moveit2/src/urdf_description/build/urdf_description -- -j8 -l8
[0.609s] Invoking command in '/home/berenakpinar/ws_moveit2/src/urdf_description/build/urdf_description': CMAKE_PREFIX_PATH=${CMAKE_PREFIX_PATH}:/opt/ros/humble /usr/bin/cmake --install /home/berenakpinar/ws_moveit2/src/urdf_description/build/urdf_description
[0.612s] -- Install configuration: ""
[0.612s] -- Installing: /home/berenakpinar/ws_moveit2/src/urdf_description/install/urdf_description/share/urdf_description/launch
[0.612s] -- Installing: /home/berenakpinar/ws_moveit2/src/urdf_description/install/urdf_description/share/urdf_description/launch/display.launch
[0.613s] -- Installing: /home/berenakpinar/ws_moveit2/src/urdf_description/install/urdf_description/share/urdf_description/launch/slam.launch.py
[0.613s] -- Installing: /home/berenakpinar/ws_moveit2/src/urdf_description/install/urdf_description/share/urdf_description/launch/gazebo.launch.py
[0.614s] -- Installing: /home/berenakpinar/ws_moveit2/src/urdf_description/install/urdf_description/share/urdf_description/launch/controller.yaml
[0.615s] -- Installing: /home/berenakpinar/ws_moveit2/src/urdf_description/install/urdf_description/share/urdf_description/launch/gazebo.launch
[0.615s] -- Installing: /home/berenakpinar/ws_moveit2/src/urdf_description/install/urdf_description/share/urdf_description/launch/controller.launch.py
[0.616s] -- Installing: /home/berenakpinar/ws_moveit2/src/urdf_description/install/urdf_description/share/urdf_description/launch/display.launch.py
[0.616s] -- Installing: /home/berenakpinar/ws_moveit2/src/urdf_description/install/urdf_description/share/urdf_description/launch/controller.launch
[0.617s] -- Installing: /home/berenakpinar/ws_moveit2/src/urdf_description/install/urdf_description/share/urdf_description/launch/online_async_launch.py
[0.617s] -- Installing: /home/berenakpinar/ws_moveit2/src/urdf_description/install/urdf_description/share/urdf_description/config
[0.617s] -- Installing: /home/berenakpinar/ws_moveit2/src/urdf_description/install/urdf_description/share/urdf_description/config/rover_controllers.yaml
[0.618s] -- Installing: /home/berenakpinar/ws_moveit2/src/urdf_description/install/urdf_description/share/urdf_description/config/diff_controller.yaml
[0.618s] -- Installing: /home/berenakpinar/ws_moveit2/src/urdf_description/install/urdf_description/share/urdf_description/config/mapper_params_online_async.yaml
[0.619s] -- Installing: /home/berenakpinar/ws_moveit2/src/urdf_description/install/urdf_description/share/urdf_description/urdf
[0.619s] -- Installing: /home/berenakpinar/ws_moveit2/src/urdf_description/install/urdf_description/share/urdf_description/urdf/materials.xacro
[0.620s] -- Installing: /home/berenakpinar/ws_moveit2/src/urdf_description/install/urdf_description/share/urdf_description/urdf/URDF.xacro
[0.621s] -- Installing: /home/berenakpinar/ws_moveit2/src/urdf_description/install/urdf_description/share/urdf_description/urdf/URDF.trans
[0.621s] -- Installing: /home/berenakpinar/ws_moveit2/src/urdf_description/install/urdf_description/share/urdf_description/urdf/spawn.py
[0.622s] -- Installing: /home/berenakpinar/ws_moveit2/src/urdf_description/install/urdf_description/share/urdf_description/urdf/URDF.sdf
[0.623s] -- Installing: /home/berenakpinar/ws_moveit2/src/urdf_description/install/urdf_description/share/urdf_description/urdf/.URDF.xacro.swp
[0.624s] -- Installing: /home/berenakpinar/ws_moveit2/src/urdf_description/install/urdf_description/share/urdf_description/urdf/URDF.gazebo
[0.624s] -- Installing: /home/berenakpinar/ws_moveit2/src/urdf_description/install/urdf_description/share/urdf_description/meshes
[0.624s] -- Installing: /home/berenakpinar/ws_moveit2/src/urdf_description/install/urdf_description/share/urdf_description/meshes/Bar2_1.stl
[0.626s] -- Installing: /home/berenakpinar/ws_moveit2/src/urdf_description/install/urdf_description/share/urdf_description/meshes/Wheel2_1.stl
[0.629s] -- Installing: /home/berenakpinar/ws_moveit2/src/urdf_description/install/urdf_description/share/urdf_description/meshes/Bogie3_1.stl
[0.635s] -- Installing: /home/berenakpinar/ws_moveit2/src/urdf_description/install/urdf_description/share/urdf_description/meshes/Wheel1_1.stl
[0.639s] -- Installing: /home/berenakpinar/ws_moveit2/src/urdf_description/install/urdf_description/share/urdf_description/meshes/Bogie2_1.stl
[0.645s] -- Installing: /home/berenakpinar/ws_moveit2/src/urdf_description/install/urdf_description/share/urdf_description/meshes/Bar1_1.stl
[0.648s] -- Installing: /home/berenakpinar/ws_moveit2/src/urdf_description/install/urdf_description/share/urdf_description/meshes/Wheel4_1.stl
[0.650s] -- Installing: /home/berenakpinar/ws_moveit2/src/urdf_description/install/urdf_description/share/urdf_description/meshes/Wheel5_1.stl
[0.652s] -- Installing: /home/berenakpinar/ws_moveit2/src/urdf_description/install/urdf_description/share/urdf_description/meshes/Diff1_1.stl
[0.657s] -- Installing: /home/berenakpinar/ws_moveit2/src/urdf_description/install/urdf_description/share/urdf_description/meshes/Wheel6_1.stl
[0.660s] -- Installing: /home/berenakpinar/ws_moveit2/src/urdf_description/install/urdf_description/share/urdf_description/meshes/base_link.stl
[0.695s] -- Installing: /home/berenakpinar/ws_moveit2/src/urdf_description/install/urdf_description/share/urdf_description/meshes/Wheel3_1.stl
[0.696s] -- Installing: /home/berenakpinar/ws_moveit2/src/urdf_description/install/urdf_description/share/urdf_description/meshes/Bogie1_1.stl
[0.698s] -- Installing: /home/berenakpinar/ws_moveit2/src/urdf_description/install/urdf_description/share/urdf_description/meshes/Bogie4_1.stl
[0.702s] -- Installing: /home/berenakpinar/ws_moveit2/src/urdf_description/install/urdf_description/share/urdf_description/rviz
[0.702s] -- Installing: /home/berenakpinar/ws_moveit2/src/urdf_description/install/urdf_description/share/urdf_description/rviz/urdf.rviz
[0.702s] -- Installing: /home/berenakpinar/ws_moveit2/src/urdf_description/install/urdf_description/share/ament_index/resource_index/package_run_dependencies/urdf_description
[0.702s] -- Installing: /home/berenakpinar/ws_moveit2/src/urdf_description/install/urdf_description/share/ament_index/resource_index/parent_prefix_path/urdf_description
[0.702s] -- Installing: /home/berenakpinar/ws_moveit2/src/urdf_description/install/urdf_description/share/urdf_description/environment/ament_prefix_path.sh
[0.702s] -- Installing: /home/berenakpinar/ws_moveit2/src/urdf_description/install/urdf_description/share/urdf_description/environment/ament_prefix_path.dsv
[0.703s] -- Installing: /home/berenakpinar/ws_moveit2/src/urdf_description/install/urdf_description/share/urdf_description/environment/path.sh
[0.703s] -- Installing: /home/berenakpinar/ws_moveit2/src/urdf_description/install/urdf_description/share/urdf_description/environment/path.dsv
[0.703s] -- Installing: /home/berenakpinar/ws_moveit2/src/urdf_description/install/urdf_description/share/urdf_description/local_setup.bash
[0.703s] -- Installing: /home/berenakpinar/ws_moveit2/src/urdf_description/install/urdf_description/share/urdf_description/local_setup.sh
[0.703s] -- Installing: /home/berenakpinar/ws_moveit2/src/urdf_description/install/urdf_description/share/urdf_description/local_setup.zsh
[0.703s] -- Installing: /home/berenakpinar/ws_moveit2/src/urdf_description/install/urdf_description/share/urdf_description/local_setup.dsv
[0.703s] -- Installing: /home/berenakpinar/ws_moveit2/src/urdf_description/install/urdf_description/share/urdf_description/package.dsv
[0.703s] -- Installing: /home/berenakpinar/ws_moveit2/src/urdf_description/install/urdf_description/share/ament_index/resource_index/packages/urdf_description
[0.703s] -- Installing: /home/berenakpinar/ws_moveit2/src/urdf_description/install/urdf_description/share/urdf_description/cmake/urdf_descriptionConfig.cmake
[0.704s] -- Installing: /home/berenakpinar/ws_moveit2/src/urdf_description/install/urdf_description/share/urdf_description/cmake/urdf_descriptionConfig-version.cmake
[0.704s] -- Installing: /home/berenakpinar/ws_moveit2/src/urdf_description/install/urdf_description/share/urdf_description/package.xml
[0.705s] Invoked command in '/home/berenakpinar/ws_moveit2/src/urdf_description/build/urdf_description' returned '0': CMAKE_PREFIX_PATH=${CMAKE_PREFIX_PATH}:/opt/ros/humble /usr/bin/cmake --install /home/berenakpinar/ws_moveit2/src/urdf_description/build/urdf_description
