[0.065s] DEBUG:colcon:Command line arguments: ['/usr/bin/colcon', 'build', '--packages-select', 'urdf_description']
[0.065s] DEBUG:colcon:Parsed command line arguments: Namespace(log_base=None, log_level=None, verb_name='build', build_base='build', install_base='install', merge_install=False, symlink_install=False, test_result_base=None, continue_on_error=False, executor='parallel', parallel_workers=8, event_handlers=None, ignore_user_meta=False, metas=['./colcon.meta'], base_paths=['.'], packages_ignore=None, packages_ignore_regex=None, paths=None, packages_up_to=None, packages_up_to_regex=None, packages_above=None, packages_above_and_dependencies=None, packages_above_depth=None, packages_select_by_dep=None, packages_skip_by_dep=None, packages_skip_up_to=None, packages_select_build_failed=False, packages_skip_build_finished=False, packages_select_test_failures=False, packages_skip_test_passed=False, packages_select=['urdf_description'], packages_skip=None, packages_select_regex=None, packages_skip_regex=None, packages_start=None, packages_end=None, allow_overriding=[], cmake_args=None, cmake_target=None, cmake_target_skip_unavailable=False, cmake_clean_cache=False, cmake_clean_first=False, cmake_force_configure=False, ament_cmake_args=None, catkin_cmake_args=None, catkin_skip_building_tests=False, mixin_files=None, mixin=None, verb_parser=<colcon_mixin.mixin.mixin_argument.MixinArgumentDecorator object at 0xffffb13670d0>, verb_extension=<colcon_core.verb.build.BuildVerb object at 0xffffb1366950>, main=<bound method BuildVerb.main of <colcon_core.verb.build.BuildVerb object at 0xffffb1366950>>, mixin_verb=('build',))
[0.168s] Level 1:colcon.colcon_core.package_discovery:discover_packages(colcon_meta) check parameters
[0.168s] Level 1:colcon.colcon_core.package_discovery:discover_packages(recursive) check parameters
[0.168s] Level 1:colcon.colcon_core.package_discovery:discover_packages(ignore) check parameters
[0.168s] Level 1:colcon.colcon_core.package_discovery:discover_packages(path) check parameters
[0.168s] Level 1:colcon.colcon_core.package_discovery:discover_packages(colcon_meta) discover
[0.168s] Level 1:colcon.colcon_core.package_discovery:discover_packages(recursive) discover
[0.168s] INFO:colcon.colcon_core.package_discovery:Crawling recursively for packages in '/home/berenakpinar/ws_moveit2/src/urdf_description'
[0.168s] Level 1:colcon.colcon_core.package_identification:_identify(.) by extensions ['ignore', 'ignore_ament_install']
[0.168s] Level 1:colcon.colcon_core.package_identification:_identify(.) by extension 'ignore'
[0.168s] Level 1:colcon.colcon_core.package_identification:_identify(.) by extension 'ignore_ament_install'
[0.168s] Level 1:colcon.colcon_core.package_identification:_identify(.) by extensions ['colcon_pkg']
[0.168s] Level 1:colcon.colcon_core.package_identification:_identify(.) by extension 'colcon_pkg'
[0.168s] Level 1:colcon.colcon_core.package_identification:_identify(.) by extensions ['colcon_meta']
[0.168s] Level 1:colcon.colcon_core.package_identification:_identify(.) by extension 'colcon_meta'
[0.168s] Level 1:colcon.colcon_core.package_identification:_identify(.) by extensions ['ros']
[0.168s] Level 1:colcon.colcon_core.package_identification:_identify(.) by extension 'ros'
[0.182s] DEBUG:colcon.colcon_core.package_identification:Package '.' with type 'ros.ament_cmake' and name 'urdf_description'
[0.182s] Level 1:colcon.colcon_core.package_discovery:discover_packages(recursive) using defaults
[0.182s] Level 1:colcon.colcon_core.package_discovery:discover_packages(ignore) discover
[0.182s] Level 1:colcon.colcon_core.package_discovery:discover_packages(ignore) using defaults
[0.182s] Level 1:colcon.colcon_core.package_discovery:discover_packages(path) discover
[0.182s] Level 1:colcon.colcon_core.package_discovery:discover_packages(path) using defaults
[0.193s] Level 1:colcon.colcon_core.package_discovery:discover_packages(prefix_path) check parameters
[0.193s] Level 1:colcon.colcon_core.package_discovery:discover_packages(prefix_path) discover
[0.193s] WARNING:colcon.colcon_ros.prefix_path.catkin:The path '/home/berenakpinar/ws_moveit2/src/urdf_description/install/urdf_description' in the environment variable CMAKE_PREFIX_PATH doesn't exist
[0.194s] DEBUG:colcon.colcon_installed_package_information.package_discovery:Found 0 installed packages in /home/berenakpinar/ws_moveit2/src/urdf_description/install
[0.195s] DEBUG:colcon.colcon_installed_package_information.package_discovery:Found 475 installed packages in /opt/ros/humble
[0.196s] Level 1:colcon.colcon_core.package_discovery:discover_packages(prefix_path) using defaults
[0.232s] Level 5:colcon.colcon_core.verb:set package 'urdf_description' build argument 'cmake_args' from command line to 'None'
[0.232s] Level 5:colcon.colcon_core.verb:set package 'urdf_description' build argument 'cmake_target' from command line to 'None'
[0.232s] Level 5:colcon.colcon_core.verb:set package 'urdf_description' build argument 'cmake_target_skip_unavailable' from command line to 'False'
[0.232s] Level 5:colcon.colcon_core.verb:set package 'urdf_description' build argument 'cmake_clean_cache' from command line to 'False'
[0.232s] Level 5:colcon.colcon_core.verb:set package 'urdf_description' build argument 'cmake_clean_first' from command line to 'False'
[0.232s] Level 5:colcon.colcon_core.verb:set package 'urdf_description' build argument 'cmake_force_configure' from command line to 'False'
[0.232s] Level 5:colcon.colcon_core.verb:set package 'urdf_description' build argument 'ament_cmake_args' from command line to 'None'
[0.232s] Level 5:colcon.colcon_core.verb:set package 'urdf_description' build argument 'catkin_cmake_args' from command line to 'None'
[0.232s] Level 5:colcon.colcon_core.verb:set package 'urdf_description' build argument 'catkin_skip_building_tests' from command line to 'False'
[0.232s] DEBUG:colcon.colcon_core.verb:Building package 'urdf_description' with the following arguments: {'ament_cmake_args': None, 'build_base': '/home/berenakpinar/ws_moveit2/src/urdf_description/build/urdf_description', 'catkin_cmake_args': None, 'catkin_skip_building_tests': False, 'cmake_args': None, 'cmake_clean_cache': False, 'cmake_clean_first': False, 'cmake_force_configure': False, 'cmake_target': None, 'cmake_target_skip_unavailable': False, 'install_base': '/home/berenakpinar/ws_moveit2/src/urdf_description/install/urdf_description', 'merge_install': False, 'path': '/home/berenakpinar/ws_moveit2/src/urdf_description', 'symlink_install': False, 'test_result_base': None}
[0.232s] INFO:colcon.colcon_core.executor:Executing jobs using 'parallel' executor
[0.233s] DEBUG:colcon.colcon_parallel_executor.executor.parallel:run_until_complete
[0.233s] INFO:colcon.colcon_ros.task.ament_cmake.build:Building ROS package in '/home/berenakpinar/ws_moveit2/src/urdf_description' with build type 'ament_cmake'
[0.233s] INFO:colcon.colcon_cmake.task.cmake.build:Building CMake package in '/home/berenakpinar/ws_moveit2/src/urdf_description'
[0.235s] INFO:colcon.colcon_core.plugin_system:Skipping extension 'colcon_core.shell.bat': Not used on non-Windows systems
[0.235s] INFO:colcon.colcon_core.shell:Skip shell extension 'powershell' for command environment: Not usable outside of PowerShell
[0.235s] DEBUG:colcon.colcon_core.shell:Skip shell extension 'dsv' for command environment
[0.240s] DEBUG:colcon.colcon_core.event_handler.log_command:Invoking command in '/home/berenakpinar/ws_moveit2/src/urdf_description/build/urdf_description': CMAKE_PREFIX_PATH=${CMAKE_PREFIX_PATH}:/opt/ros/humble /usr/bin/cmake /home/berenakpinar/ws_moveit2/src/urdf_description -DCMAKE_INSTALL_PREFIX=/home/berenakpinar/ws_moveit2/src/urdf_description/install/urdf_description
[0.819s] DEBUG:colcon.colcon_core.event_handler.log_command:Invoked command in '/home/berenakpinar/ws_moveit2/src/urdf_description/build/urdf_description' returned '0': CMAKE_PREFIX_PATH=${CMAKE_PREFIX_PATH}:/opt/ros/humble /usr/bin/cmake /home/berenakpinar/ws_moveit2/src/urdf_description -DCMAKE_INSTALL_PREFIX=/home/berenakpinar/ws_moveit2/src/urdf_description/install/urdf_description
[0.821s] DEBUG:colcon.colcon_core.event_handler.log_command:Invoking command in '/home/berenakpinar/ws_moveit2/src/urdf_description/build/urdf_description': CMAKE_PREFIX_PATH=${CMAKE_PREFIX_PATH}:/opt/ros/humble /usr/bin/cmake --build /home/berenakpinar/ws_moveit2/src/urdf_description/build/urdf_description -- -j8 -l8
[0.838s] DEBUG:colcon.colcon_core.event_handler.log_command:Invoked command in '/home/berenakpinar/ws_moveit2/src/urdf_description/build/urdf_description' returned '0': CMAKE_PREFIX_PATH=${CMAKE_PREFIX_PATH}:/opt/ros/humble /usr/bin/cmake --build /home/berenakpinar/ws_moveit2/src/urdf_description/build/urdf_description -- -j8 -l8
[0.843s] DEBUG:colcon.colcon_core.event_handler.log_command:Invoking command in '/home/berenakpinar/ws_moveit2/src/urdf_description/build/urdf_description': CMAKE_PREFIX_PATH=${CMAKE_PREFIX_PATH}:/opt/ros/humble /usr/bin/cmake --install /home/berenakpinar/ws_moveit2/src/urdf_description/build/urdf_description
[0.939s] Level 1:colcon.colcon_core.environment:create_environment_scripts_only(urdf_description)
[0.939s] DEBUG:colcon.colcon_core.event_handler.log_command:Invoked command in '/home/berenakpinar/ws_moveit2/src/urdf_description/build/urdf_description' returned '0': CMAKE_PREFIX_PATH=${CMAKE_PREFIX_PATH}:/opt/ros/humble /usr/bin/cmake --install /home/berenakpinar/ws_moveit2/src/urdf_description/build/urdf_description
[0.940s] Level 1:colcon.colcon_core.environment:checking '/home/berenakpinar/ws_moveit2/src/urdf_description/install/urdf_description' for CMake module files
[0.941s] Level 1:colcon.colcon_core.environment:checking '/home/berenakpinar/ws_moveit2/src/urdf_description/install/urdf_description' for CMake config files
[0.941s] Level 1:colcon.colcon_core.shell:create_environment_hook('urdf_description', 'cmake_prefix_path')
[0.941s] INFO:colcon.colcon_core.shell:Creating environment hook '/home/berenakpinar/ws_moveit2/src/urdf_description/install/urdf_description/share/urdf_description/hook/cmake_prefix_path.ps1'
[0.941s] INFO:colcon.colcon_core.shell:Creating environment descriptor '/home/berenakpinar/ws_moveit2/src/urdf_description/install/urdf_description/share/urdf_description/hook/cmake_prefix_path.dsv'
[0.941s] INFO:colcon.colcon_core.shell:Creating environment hook '/home/berenakpinar/ws_moveit2/src/urdf_description/install/urdf_description/share/urdf_description/hook/cmake_prefix_path.sh'
[0.942s] Level 1:colcon.colcon_core.environment:checking '/home/berenakpinar/ws_moveit2/src/urdf_description/install/urdf_description/bin'
[0.942s] Level 1:colcon.colcon_core.environment:checking '/home/berenakpinar/ws_moveit2/src/urdf_description/install/urdf_description/lib/pkgconfig/urdf_description.pc'
[0.942s] Level 1:colcon.colcon_core.environment:checking '/home/berenakpinar/ws_moveit2/src/urdf_description/install/urdf_description/lib/python3.10/site-packages'
[0.942s] Level 1:colcon.colcon_core.environment:checking '/home/berenakpinar/ws_moveit2/src/urdf_description/install/urdf_description/bin'
[0.942s] INFO:colcon.colcon_core.shell:Creating package script '/home/berenakpinar/ws_moveit2/src/urdf_description/install/urdf_description/share/urdf_description/package.ps1'
[0.943s] INFO:colcon.colcon_core.shell:Creating package descriptor '/home/berenakpinar/ws_moveit2/src/urdf_description/install/urdf_description/share/urdf_description/package.dsv'
[0.943s] INFO:colcon.colcon_core.shell:Creating package script '/home/berenakpinar/ws_moveit2/src/urdf_description/install/urdf_description/share/urdf_description/package.sh'
[0.943s] INFO:colcon.colcon_core.shell:Creating package script '/home/berenakpinar/ws_moveit2/src/urdf_description/install/urdf_description/share/urdf_description/package.bash'
[0.944s] INFO:colcon.colcon_core.shell:Creating package script '/home/berenakpinar/ws_moveit2/src/urdf_description/install/urdf_description/share/urdf_description/package.zsh'
[0.944s] Level 1:colcon.colcon_core.environment:create_file_with_runtime_dependencies(/home/berenakpinar/ws_moveit2/src/urdf_description/install/urdf_description/share/colcon-core/packages/urdf_description)
[0.945s] Level 1:colcon.colcon_core.environment:create_environment_scripts_only(urdf_description)
[0.945s] Level 1:colcon.colcon_core.environment:checking '/home/berenakpinar/ws_moveit2/src/urdf_description/install/urdf_description' for CMake module files
[0.945s] Level 1:colcon.colcon_core.environment:checking '/home/berenakpinar/ws_moveit2/src/urdf_description/install/urdf_description' for CMake config files
[0.945s] Level 1:colcon.colcon_core.shell:create_environment_hook('urdf_description', 'cmake_prefix_path')
[0.945s] INFO:colcon.colcon_core.shell:Creating environment hook '/home/berenakpinar/ws_moveit2/src/urdf_description/install/urdf_description/share/urdf_description/hook/cmake_prefix_path.ps1'
[0.945s] INFO:colcon.colcon_core.shell:Creating environment descriptor '/home/berenakpinar/ws_moveit2/src/urdf_description/install/urdf_description/share/urdf_description/hook/cmake_prefix_path.dsv'
[0.946s] INFO:colcon.colcon_core.shell:Creating environment hook '/home/berenakpinar/ws_moveit2/src/urdf_description/install/urdf_description/share/urdf_description/hook/cmake_prefix_path.sh'
[0.946s] Level 1:colcon.colcon_core.environment:checking '/home/berenakpinar/ws_moveit2/src/urdf_description/install/urdf_description/bin'
[0.946s] Level 1:colcon.colcon_core.environment:checking '/home/berenakpinar/ws_moveit2/src/urdf_description/install/urdf_description/lib/pkgconfig/urdf_description.pc'
[0.946s] Level 1:colcon.colcon_core.environment:checking '/home/berenakpinar/ws_moveit2/src/urdf_description/install/urdf_description/lib/python3.10/site-packages'
[0.946s] Level 1:colcon.colcon_core.environment:checking '/home/berenakpinar/ws_moveit2/src/urdf_description/install/urdf_description/bin'
[0.947s] INFO:colcon.colcon_core.shell:Creating package script '/home/berenakpinar/ws_moveit2/src/urdf_description/install/urdf_description/share/urdf_description/package.ps1'
[0.947s] INFO:colcon.colcon_core.shell:Creating package descriptor '/home/berenakpinar/ws_moveit2/src/urdf_description/install/urdf_description/share/urdf_description/package.dsv'
[0.947s] INFO:colcon.colcon_core.shell:Creating package script '/home/berenakpinar/ws_moveit2/src/urdf_description/install/urdf_description/share/urdf_description/package.sh'
[0.948s] INFO:colcon.colcon_core.shell:Creating package script '/home/berenakpinar/ws_moveit2/src/urdf_description/install/urdf_description/share/urdf_description/package.bash'
[0.948s] INFO:colcon.colcon_core.shell:Creating package script '/home/berenakpinar/ws_moveit2/src/urdf_description/install/urdf_description/share/urdf_description/package.zsh'
[0.948s] Level 1:colcon.colcon_core.environment:create_file_with_runtime_dependencies(/home/berenakpinar/ws_moveit2/src/urdf_description/install/urdf_description/share/colcon-core/packages/urdf_description)
[0.949s] DEBUG:colcon.colcon_parallel_executor.executor.parallel:closing loop
[0.949s] DEBUG:colcon.colcon_parallel_executor.executor.parallel:loop closed
[0.949s] DEBUG:colcon.colcon_parallel_executor.executor.parallel:run_until_complete finished with '0'
[0.949s] DEBUG:colcon.colcon_core.event_reactor:joining thread
[0.952s] INFO:colcon.colcon_core.plugin_system:Skipping extension 'colcon_notification.desktop_notification.terminal_notifier': Not used on non-Darwin systems
[0.952s] INFO:colcon.colcon_core.plugin_system:Skipping extension 'colcon_notification.desktop_notification.win32': Not used on non-Windows systems
[0.952s] INFO:colcon.colcon_notification.desktop_notification:Sending desktop notification using 'notify2'
[0.961s] DEBUG:colcon.colcon_core.event_reactor:joined thread
[0.962s] INFO:colcon.colcon_core.shell:Creating prefix script '/home/berenakpinar/ws_moveit2/src/urdf_description/install/local_setup.ps1'
[0.962s] INFO:colcon.colcon_core.shell:Creating prefix util module '/home/berenakpinar/ws_moveit2/src/urdf_description/install/_local_setup_util_ps1.py'
[0.963s] INFO:colcon.colcon_core.shell:Creating prefix chain script '/home/berenakpinar/ws_moveit2/src/urdf_description/install/setup.ps1'
[0.963s] INFO:colcon.colcon_core.shell:Creating prefix script '/home/berenakpinar/ws_moveit2/src/urdf_description/install/local_setup.sh'
[0.964s] INFO:colcon.colcon_core.shell:Creating prefix util module '/home/berenakpinar/ws_moveit2/src/urdf_description/install/_local_setup_util_sh.py'
[0.964s] INFO:colcon.colcon_core.shell:Creating prefix chain script '/home/berenakpinar/ws_moveit2/src/urdf_description/install/setup.sh'
[0.965s] INFO:colcon.colcon_core.shell:Creating prefix script '/home/berenakpinar/ws_moveit2/src/urdf_description/install/local_setup.bash'
[0.965s] INFO:colcon.colcon_core.shell:Creating prefix chain script '/home/berenakpinar/ws_moveit2/src/urdf_description/install/setup.bash'
[0.966s] INFO:colcon.colcon_core.shell:Creating prefix script '/home/berenakpinar/ws_moveit2/src/urdf_description/install/local_setup.zsh'
[0.966s] INFO:colcon.colcon_core.shell:Creating prefix chain script '/home/berenakpinar/ws_moveit2/src/urdf_description/install/setup.zsh'
